This is pdfTeX, Version 3.141592653-2.6-1.40.25 (TeX Live 2023/Debian) (preloaded format=pdflatex 2026.7.1)  1 JUL 2026 19:10
entering extended mode
 restricted \write18 enabled.
 %&-line parsing enabled.
**jalon-9.tex
(./jalon-9.tex
LaTeX2e <2023-11-01> patch level 1
L3 programming layer <2024-01-22>
(/usr/share/texlive/texmf-dist/tex/latex/base/report.cls
Document Class: report 2023/05/17 v1.4n Standard LaTeX document class
(/usr/share/texlive/texmf-dist/tex/latex/base/size12.clo
File: size12.clo 2023/05/17 v1.4n Standard LaTeX file (size option)
)
\c@part=\count187
\c@chapter=\count188
\c@section=\count189
\c@subsection=\count190
\c@subsubsection=\count191
\c@paragraph=\count192
\c@subparagraph=\count193
\c@figure=\count194
\c@table=\count195
\abovecaptionskip=\skip48
\belowcaptionskip=\skip49
\bibindent=\dimen140
)
(/usr/share/texlive/texmf-dist/tex/latex/base/inputenc.sty
Package: inputenc 2021/02/14 v1.3d Input encoding file
\inpenc@prehook=\toks17
\inpenc@posthook=\toks18
)
(/usr/share/texlive/texmf-dist/tex/latex/base/fontenc.sty
Package: fontenc 2021/04/29 v2.0v Standard LaTeX package
)
(/usr/share/texlive/texmf-dist/tex/generic/babel/babel.sty
Package: babel 2024/01/07 v24.1 The Babel package
\babel@savecnt=\count196
\U@D=\dimen141
\l@unhyphenated=\language7

(/usr/share/texlive/texmf-dist/tex/generic/babel/txtbabel.def)
\bbl@readstream=\read2
\bbl@dirlevel=\count197

(/usr/share/texlive/texmf-dist/tex/generic/babel-french/french.ldf
Language: french 2023-12-19 v3.5r French support from the babel system
Package babel Info: Hyphen rules for 'acadian' set to \l@french
(babel)             (\language6). Reported on input line 91.
Package babel Info: Hyphen rules for 'canadien' set to \l@french
(babel)             (\language6). Reported on input line 92.
\FB@stdchar=\count198
Package babel Info: Making : an active character on input line 420.
Package babel Info: Making ; an active character on input line 421.
Package babel Info: Making ! an active character on input line 422.
Package babel Info: Making ? an active character on input line 423.
\FBguill@level=\count199
\FBold@everypar=\toks19
\FB@Mht=\dimen142
\mc@charclass=\count266
\mc@charfam=\count267
\mc@charslot=\count268
\std@mcc=\count269
\dec@mcc=\count270
\FB@parskip=\dimen143
\listindentFB=\dimen144
\descindentFB=\dimen145
\labelindentFB=\dimen146
\labelwidthFB=\dimen147
\leftmarginFB=\dimen148
\parindentFFN=\dimen149
\FBfnindent=\dimen150
))
(/usr/share/texlive/texmf-dist/tex/generic/babel/locale/fr/babel-french.tex
Package babel Info: Importing font and identification data for french
(babel)             from babel-fr.ini. Reported on input line 11.
)
(/usr/share/texlive/texmf-dist/tex/latex/carlisle/scalefnt.sty)
(/usr/share/texlive/texmf-dist/tex/latex/graphics/keyval.sty
Package: keyval 2022/05/29 v1.15 key=value parser (DPC)
\KV@toks@=\toks20
)
(/usr/share/texlive/texmf-dist/tex/latex/amsmath/amsmath.sty
Package: amsmath 2023/05/13 v2.17o AMS math features
\@mathmargin=\skip50

For additional information on amsmath, use the `?' option.
(/usr/share/texlive/texmf-dist/tex/latex/amsmath/amstext.sty
Package: amstext 2021/08/26 v2.01 AMS text

(/usr/share/texlive/texmf-dist/tex/latex/amsmath/amsgen.sty
File: amsgen.sty 1999/11/30 v2.0 generic functions
\@emptytoks=\toks21
\ex@=\dimen151
))
(/usr/share/texlive/texmf-dist/tex/latex/amsmath/amsbsy.sty
Package: amsbsy 1999/11/29 v1.2d Bold Symbols
\pmbraise@=\dimen152
)
(/usr/share/texlive/texmf-dist/tex/latex/amsmath/amsopn.sty
Package: amsopn 2022/04/08 v2.04 operator names
)
\inf@bad=\count271
LaTeX Info: Redefining \frac on input line 234.
\uproot@=\count272
\leftroot@=\count273
LaTeX Info: Redefining \overline on input line 399.
LaTeX Info: Redefining \colon on input line 410.
\classnum@=\count274
\DOTSCASE@=\count275
LaTeX Info: Redefining \ldots on input line 496.
LaTeX Info: Redefining \dots on input line 499.
LaTeX Info: Redefining \cdots on input line 620.
\Mathstrutbox@=\box51
\strutbox@=\box52
LaTeX Info: Redefining \big on input line 722.
LaTeX Info: Redefining \Big on input line 723.
LaTeX Info: Redefining \bigg on input line 724.
LaTeX Info: Redefining \Bigg on input line 725.
\big@size=\dimen153
LaTeX Font Info:    Redeclaring font encoding OML on input line 743.
LaTeX Font Info:    Redeclaring font encoding OMS on input line 744.
\macc@depth=\count276
LaTeX Info: Redefining \bmod on input line 905.
LaTeX Info: Redefining \pmod on input line 910.
LaTeX Info: Redefining \smash on input line 940.
LaTeX Info: Redefining \relbar on input line 970.
LaTeX Info: Redefining \Relbar on input line 971.
\c@MaxMatrixCols=\count277
\dotsspace@=\muskip16
\c@parentequation=\count278
\dspbrk@lvl=\count279
\tag@help=\toks22
\row@=\count280
\column@=\count281
\maxfields@=\count282
\andhelp@=\toks23
\eqnshift@=\dimen154
\alignsep@=\dimen155
\tagshift@=\dimen156
\tagwidth@=\dimen157
\totwidth@=\dimen158
\lineht@=\dimen159
\@envbody=\toks24
\multlinegap=\skip51
\multlinetaggap=\skip52
\mathdisplay@stack=\toks25
LaTeX Info: Redefining \[ on input line 2953.
LaTeX Info: Redefining \] on input line 2954.
)
(/usr/share/texlive/texmf-dist/tex/latex/amsfonts/amsfonts.sty
Package: amsfonts 2013/01/14 v3.01 Basic AMSFonts support
\symAMSa=\mathgroup4
\symAMSb=\mathgroup5
LaTeX Font Info:    Redeclaring math symbol \hbar on input line 98.
LaTeX Font Info:    Overwriting math alphabet `\mathfrak' in version `bold'
(Font)                  U/euf/m/n --> U/euf/b/n on input line 106.
)
(/usr/share/texlive/texmf-dist/tex/latex/amsfonts/amssymb.sty
Package: amssymb 2013/01/14 v3.01 AMS font symbols
)
(/usr/share/texlive/texmf-dist/tex/latex/amscls/amsthm.sty
Package: amsthm 2020/05/29 v2.20.6
\thm@style=\toks26
\thm@bodyfont=\toks27
\thm@headfont=\toks28
\thm@notefont=\toks29
\thm@headpunct=\toks30
\thm@preskip=\skip53
\thm@postskip=\skip54
\thm@headsep=\skip55
\dth@everypar=\toks31
)
(/usr/share/texlive/texmf-dist/tex/latex/geometry/geometry.sty
Package: geometry 2020/01/02 v5.9 Page Geometry

(/usr/share/texlive/texmf-dist/tex/generic/iftex/ifvtex.sty
Package: ifvtex 2019/10/25 v1.7 ifvtex legacy package. Use iftex instead.

(/usr/share/texlive/texmf-dist/tex/generic/iftex/iftex.sty
Package: iftex 2022/02/03 v1.0f TeX engine tests
))
\Gm@cnth=\count283
\Gm@cntv=\count284
\c@Gm@tempcnt=\count285
\Gm@bindingoffset=\dimen160
\Gm@wd@mp=\dimen161
\Gm@odd@mp=\dimen162
\Gm@even@mp=\dimen163
\Gm@layoutwidth=\dimen164
\Gm@layoutheight=\dimen165
\Gm@layouthoffset=\dimen166
\Gm@layoutvoffset=\dimen167
\Gm@dimlist=\toks32
)
(/usr/share/texlive/texmf-dist/tex/latex/pgf/frontendlayer/tikz.sty
(/usr/share/texlive/texmf-dist/tex/latex/pgf/basiclayer/pgf.sty
(/usr/share/texlive/texmf-dist/tex/latex/pgf/utilities/pgfrcs.sty
(/usr/share/texlive/texmf-dist/tex/generic/pgf/utilities/pgfutil-common.tex
\pgfutil@everybye=\toks33
\pgfutil@tempdima=\dimen168
\pgfutil@tempdimb=\dimen169
)
(/usr/share/texlive/texmf-dist/tex/generic/pgf/utilities/pgfutil-latex.def
\pgfutil@abb=\box53
)
(/usr/share/texlive/texmf-dist/tex/generic/pgf/utilities/pgfrcs.code.tex
(/usr/share/texlive/texmf-dist/tex/generic/pgf/pgf.revision.tex)
Package: pgfrcs 2023-01-15 v3.1.10 (3.1.10)
))
Package: pgf 2023-01-15 v3.1.10 (3.1.10)

(/usr/share/texlive/texmf-dist/tex/latex/pgf/basiclayer/pgfcore.sty
(/usr/share/texlive/texmf-dist/tex/latex/graphics/graphicx.sty
Package: graphicx 2021/09/16 v1.2d Enhanced LaTeX Graphics (DPC,SPQR)

(/usr/share/texlive/texmf-dist/tex/latex/graphics/graphics.sty
Package: graphics 2022/03/10 v1.4e Standard LaTeX Graphics (DPC,SPQR)

(/usr/share/texlive/texmf-dist/tex/latex/graphics/trig.sty
Package: trig 2021/08/11 v1.11 sin cos tan (DPC)
)
(/usr/share/texlive/texmf-dist/tex/latex/graphics-cfg/graphics.cfg
File: graphics.cfg 2016/06/04 v1.11 sample graphics configuration
)
Package graphics Info: Driver file: pdftex.def on input line 107.

(/usr/share/texlive/texmf-dist/tex/latex/graphics-def/pdftex.def
File: pdftex.def 2022/09/22 v1.2b Graphics/color driver for pdftex
))
\Gin@req@height=\dimen170
\Gin@req@width=\dimen171
)
(/usr/share/texlive/texmf-dist/tex/latex/pgf/systemlayer/pgfsys.sty
(/usr/share/texlive/texmf-dist/tex/generic/pgf/systemlayer/pgfsys.code.tex
Package: pgfsys 2023-01-15 v3.1.10 (3.1.10)

(/usr/share/texlive/texmf-dist/tex/generic/pgf/utilities/pgfkeys.code.tex
\pgfkeys@pathtoks=\toks34
\pgfkeys@temptoks=\toks35

(/usr/share/texlive/texmf-dist/tex/generic/pgf/utilities/pgfkeyslibraryfiltered
.code.tex
\pgfkeys@tmptoks=\toks36
))
\pgf@x=\dimen172
\pgf@y=\dimen173
\pgf@xa=\dimen174
\pgf@ya=\dimen175
\pgf@xb=\dimen176
\pgf@yb=\dimen177
\pgf@xc=\dimen178
\pgf@yc=\dimen179
\pgf@xd=\dimen180
\pgf@yd=\dimen181
\w@pgf@writea=\write3
\r@pgf@reada=\read3
\c@pgf@counta=\count286
\c@pgf@countb=\count287
\c@pgf@countc=\count288
\c@pgf@countd=\count289
\t@pgf@toka=\toks37
\t@pgf@tokb=\toks38
\t@pgf@tokc=\toks39
\pgf@sys@id@count=\count290
 (/usr/share/texlive/texmf-dist/tex/generic/pgf/systemlayer/pgf.cfg
File: pgf.cfg 2023-01-15 v3.1.10 (3.1.10)
)
Driver file for pgf: pgfsys-pdftex.def
(/usr/share/texlive/texmf-dist/tex/generic/pgf/systemlayer/pgfsys-pdftex.def
File: pgfsys-pdftex.def 2023-01-15 v3.1.10 (3.1.10)

(/usr/share/texlive/texmf-dist/tex/generic/pgf/systemlayer/pgfsys-common-pdf.de
f
File: pgfsys-common-pdf.def 2023-01-15 v3.1.10 (3.1.10)
)))
(/usr/share/texlive/texmf-dist/tex/generic/pgf/systemlayer/pgfsyssoftpath.code.
tex
File: pgfsyssoftpath.code.tex 2023-01-15 v3.1.10 (3.1.10)
\pgfsyssoftpath@smallbuffer@items=\count291
\pgfsyssoftpath@bigbuffer@items=\count292
)
(/usr/share/texlive/texmf-dist/tex/generic/pgf/systemlayer/pgfsysprotocol.code.
tex
File: pgfsysprotocol.code.tex 2023-01-15 v3.1.10 (3.1.10)
)) (/usr/share/texlive/texmf-dist/tex/latex/xcolor/xcolor.sty
Package: xcolor 2023/11/15 v3.01 LaTeX color extensions (UK)

(/usr/share/texlive/texmf-dist/tex/latex/graphics-cfg/color.cfg
File: color.cfg 2016/01/02 v1.6 sample color configuration
)
Package xcolor Info: Driver file: pdftex.def on input line 274.

(/usr/share/texlive/texmf-dist/tex/latex/graphics/mathcolor.ltx)
Package xcolor Info: Model `cmy' substituted by `cmy0' on input line 1350.
Package xcolor Info: Model `hsb' substituted by `rgb' on input line 1354.
Package xcolor Info: Model `RGB' extended on input line 1366.
Package xcolor Info: Model `HTML' substituted by `rgb' on input line 1368.
Package xcolor Info: Model `Hsb' substituted by `hsb' on input line 1369.
Package xcolor Info: Model `tHsb' substituted by `hsb' on input line 1370.
Package xcolor Info: Model `HSB' substituted by `hsb' on input line 1371.
Package xcolor Info: Model `Gray' substituted by `gray' on input line 1372.
Package xcolor Info: Model `wave' substituted by `hsb' on input line 1373.
)
(/usr/share/texlive/texmf-dist/tex/generic/pgf/basiclayer/pgfcore.code.tex
Package: pgfcore 2023-01-15 v3.1.10 (3.1.10)

(/usr/share/texlive/texmf-dist/tex/generic/pgf/math/pgfmath.code.tex
(/usr/share/texlive/texmf-dist/tex/generic/pgf/math/pgfmathutil.code.tex)
(/usr/share/texlive/texmf-dist/tex/generic/pgf/math/pgfmathparser.code.tex
\pgfmath@dimen=\dimen182
\pgfmath@count=\count293
\pgfmath@box=\box54
\pgfmath@toks=\toks40
\pgfmath@stack@operand=\toks41
\pgfmath@stack@operation=\toks42
)
(/usr/share/texlive/texmf-dist/tex/generic/pgf/math/pgfmathfunctions.code.tex)
(/usr/share/texlive/texmf-dist/tex/generic/pgf/math/pgfmathfunctions.basic.code
.tex)
(/usr/share/texlive/texmf-dist/tex/generic/pgf/math/pgfmathfunctions.trigonomet
ric.code.tex)
(/usr/share/texlive/texmf-dist/tex/generic/pgf/math/pgfmathfunctions.random.cod
e.tex)
(/usr/share/texlive/texmf-dist/tex/generic/pgf/math/pgfmathfunctions.comparison
.code.tex)
(/usr/share/texlive/texmf-dist/tex/generic/pgf/math/pgfmathfunctions.base.code.
tex)
(/usr/share/texlive/texmf-dist/tex/generic/pgf/math/pgfmathfunctions.round.code
.tex)
(/usr/share/texlive/texmf-dist/tex/generic/pgf/math/pgfmathfunctions.misc.code.
tex)
(/usr/share/texlive/texmf-dist/tex/generic/pgf/math/pgfmathfunctions.integerari
thmetics.code.tex)
(/usr/share/texlive/texmf-dist/tex/generic/pgf/math/pgfmathcalc.code.tex)
(/usr/share/texlive/texmf-dist/tex/generic/pgf/math/pgfmathfloat.code.tex
\c@pgfmathroundto@lastzeros=\count294
))
(/usr/share/texlive/texmf-dist/tex/generic/pgf/math/pgfint.code.tex)
(/usr/share/texlive/texmf-dist/tex/generic/pgf/basiclayer/pgfcorepoints.code.te
x
File: pgfcorepoints.code.tex 2023-01-15 v3.1.10 (3.1.10)
\pgf@picminx=\dimen183
\pgf@picmaxx=\dimen184
\pgf@picminy=\dimen185
\pgf@picmaxy=\dimen186
\pgf@pathminx=\dimen187
\pgf@pathmaxx=\dimen188
\pgf@pathminy=\dimen189
\pgf@pathmaxy=\dimen190
\pgf@xx=\dimen191
\pgf@xy=\dimen192
\pgf@yx=\dimen193
\pgf@yy=\dimen194
\pgf@zx=\dimen195
\pgf@zy=\dimen196
)
(/usr/share/texlive/texmf-dist/tex/generic/pgf/basiclayer/pgfcorepathconstruct.
code.tex
File: pgfcorepathconstruct.code.tex 2023-01-15 v3.1.10 (3.1.10)
\pgf@path@lastx=\dimen197
\pgf@path@lasty=\dimen198
)
(/usr/share/texlive/texmf-dist/tex/generic/pgf/basiclayer/pgfcorepathusage.code
.tex
File: pgfcorepathusage.code.tex 2023-01-15 v3.1.10 (3.1.10)
\pgf@shorten@end@additional=\dimen199
\pgf@shorten@start@additional=\dimen256
)
(/usr/share/texlive/texmf-dist/tex/generic/pgf/basiclayer/pgfcorescopes.code.te
x
File: pgfcorescopes.code.tex 2023-01-15 v3.1.10 (3.1.10)
\pgfpic=\box55
\pgf@hbox=\box56
\pgf@layerbox@main=\box57
\pgf@picture@serial@count=\count295
)
(/usr/share/texlive/texmf-dist/tex/generic/pgf/basiclayer/pgfcoregraphicstate.c
ode.tex
File: pgfcoregraphicstate.code.tex 2023-01-15 v3.1.10 (3.1.10)
\pgflinewidth=\dimen257
)
(/usr/share/texlive/texmf-dist/tex/generic/pgf/basiclayer/pgfcoretransformation
s.code.tex
File: pgfcoretransformations.code.tex 2023-01-15 v3.1.10 (3.1.10)
\pgf@pt@x=\dimen258
\pgf@pt@y=\dimen259
\pgf@pt@temp=\dimen260
)
(/usr/share/texlive/texmf-dist/tex/generic/pgf/basiclayer/pgfcorequick.code.tex
File: pgfcorequick.code.tex 2023-01-15 v3.1.10 (3.1.10)
)
(/usr/share/texlive/texmf-dist/tex/generic/pgf/basiclayer/pgfcoreobjects.code.t
ex
File: pgfcoreobjects.code.tex 2023-01-15 v3.1.10 (3.1.10)
)
(/usr/share/texlive/texmf-dist/tex/generic/pgf/basiclayer/pgfcorepathprocessing
.code.tex
File: pgfcorepathprocessing.code.tex 2023-01-15 v3.1.10 (3.1.10)
)
(/usr/share/texlive/texmf-dist/tex/generic/pgf/basiclayer/pgfcorearrows.code.te
x
File: pgfcorearrows.code.tex 2023-01-15 v3.1.10 (3.1.10)
\pgfarrowsep=\dimen261
)
(/usr/share/texlive/texmf-dist/tex/generic/pgf/basiclayer/pgfcoreshade.code.tex
File: pgfcoreshade.code.tex 2023-01-15 v3.1.10 (3.1.10)
\pgf@max=\dimen262
\pgf@sys@shading@range@num=\count296
\pgf@shadingcount=\count297
)
(/usr/share/texlive/texmf-dist/tex/generic/pgf/basiclayer/pgfcoreimage.code.tex
File: pgfcoreimage.code.tex 2023-01-15 v3.1.10 (3.1.10)
)
(/usr/share/texlive/texmf-dist/tex/generic/pgf/basiclayer/pgfcoreexternal.code.
tex
File: pgfcoreexternal.code.tex 2023-01-15 v3.1.10 (3.1.10)
\pgfexternal@startupbox=\box58
)
(/usr/share/texlive/texmf-dist/tex/generic/pgf/basiclayer/pgfcorelayers.code.te
x
File: pgfcorelayers.code.tex 2023-01-15 v3.1.10 (3.1.10)
)
(/usr/share/texlive/texmf-dist/tex/generic/pgf/basiclayer/pgfcoretransparency.c
ode.tex
File: pgfcoretransparency.code.tex 2023-01-15 v3.1.10 (3.1.10)
)
(/usr/share/texlive/texmf-dist/tex/generic/pgf/basiclayer/pgfcorepatterns.code.
tex
File: pgfcorepatterns.code.tex 2023-01-15 v3.1.10 (3.1.10)
)
(/usr/share/texlive/texmf-dist/tex/generic/pgf/basiclayer/pgfcorerdf.code.tex
File: pgfcorerdf.code.tex 2023-01-15 v3.1.10 (3.1.10)
)))
(/usr/share/texlive/texmf-dist/tex/generic/pgf/modules/pgfmoduleshapes.code.tex
File: pgfmoduleshapes.code.tex 2023-01-15 v3.1.10 (3.1.10)
\pgfnodeparttextbox=\box59
) (/usr/share/texlive/texmf-dist/tex/generic/pgf/modules/pgfmoduleplot.code.tex
File: pgfmoduleplot.code.tex 2023-01-15 v3.1.10 (3.1.10)
)
(/usr/share/texlive/texmf-dist/tex/latex/pgf/compatibility/pgfcomp-version-0-65
.sty
Package: pgfcomp-version-0-65 2023-01-15 v3.1.10 (3.1.10)
\pgf@nodesepstart=\dimen263
\pgf@nodesepend=\dimen264
)
(/usr/share/texlive/texmf-dist/tex/latex/pgf/compatibility/pgfcomp-version-1-18
.sty
Package: pgfcomp-version-1-18 2023-01-15 v3.1.10 (3.1.10)
)) (/usr/share/texlive/texmf-dist/tex/latex/pgf/utilities/pgffor.sty
(/usr/share/texlive/texmf-dist/tex/latex/pgf/utilities/pgfkeys.sty
(/usr/share/texlive/texmf-dist/tex/generic/pgf/utilities/pgfkeys.code.tex))
(/usr/share/texlive/texmf-dist/tex/latex/pgf/math/pgfmath.sty
(/usr/share/texlive/texmf-dist/tex/generic/pgf/math/pgfmath.code.tex))
(/usr/share/texlive/texmf-dist/tex/generic/pgf/utilities/pgffor.code.tex
Package: pgffor 2023-01-15 v3.1.10 (3.1.10)
\pgffor@iter=\dimen265
\pgffor@skip=\dimen266
\pgffor@stack=\toks43
\pgffor@toks=\toks44
))
(/usr/share/texlive/texmf-dist/tex/generic/pgf/frontendlayer/tikz/tikz.code.tex
Package: tikz 2023-01-15 v3.1.10 (3.1.10)

(/usr/share/texlive/texmf-dist/tex/generic/pgf/libraries/pgflibraryplothandlers
.code.tex
File: pgflibraryplothandlers.code.tex 2023-01-15 v3.1.10 (3.1.10)
\pgf@plot@mark@count=\count298
\pgfplotmarksize=\dimen267
)
\tikz@lastx=\dimen268
\tikz@lasty=\dimen269
\tikz@lastxsaved=\dimen270
\tikz@lastysaved=\dimen271
\tikz@lastmovetox=\dimen272
\tikz@lastmovetoy=\dimen273
\tikzleveldistance=\dimen274
\tikzsiblingdistance=\dimen275
\tikz@figbox=\box60
\tikz@figbox@bg=\box61
\tikz@tempbox=\box62
\tikz@tempbox@bg=\box63
\tikztreelevel=\count299
\tikznumberofchildren=\count300
\tikznumberofcurrentchild=\count301
\tikz@fig@count=\count302

(/usr/share/texlive/texmf-dist/tex/generic/pgf/modules/pgfmodulematrix.code.tex
File: pgfmodulematrix.code.tex 2023-01-15 v3.1.10 (3.1.10)
\pgfmatrixcurrentrow=\count303
\pgfmatrixcurrentcolumn=\count304
\pgf@matrix@numberofcolumns=\count305
)
\tikz@expandcount=\count306

(/usr/share/texlive/texmf-dist/tex/generic/pgf/frontendlayer/tikz/libraries/tik
zlibrarytopaths.code.tex
File: tikzlibrarytopaths.code.tex 2023-01-15 v3.1.10 (3.1.10)
)))
(/usr/share/texlive/texmf-dist/tex/latex/l3backend/l3backend-pdftex.def
File: l3backend-pdftex.def 2024-01-04 L3 backend support: PDF output (pdfTeX)
\l__color_backend_stack_int=\count307
\l__pdf_internal_box=\box64
)
(./jalon-9.aux)
\openout1 = `jalon-9.aux'.

LaTeX Font Info:    Checking defaults for OML/cmm/m/it on input line 16.
LaTeX Font Info:    ... okay on input line 16.
LaTeX Font Info:    Checking defaults for OMS/cmsy/m/n on input line 16.
LaTeX Font Info:    ... okay on input line 16.
LaTeX Font Info:    Checking defaults for OT1/cmr/m/n on input line 16.
LaTeX Font Info:    ... okay on input line 16.
LaTeX Font Info:    Checking defaults for T1/cmr/m/n on input line 16.
LaTeX Font Info:    ... okay on input line 16.
LaTeX Font Info:    Checking defaults for TS1/cmr/m/n on input line 16.
LaTeX Font Info:    ... okay on input line 16.
LaTeX Font Info:    Checking defaults for OMX/cmex/m/n on input line 16.
LaTeX Font Info:    ... okay on input line 16.
LaTeX Font Info:    Checking defaults for U/cmr/m/n on input line 16.
LaTeX Font Info:    ... okay on input line 16.
LaTeX Info: Redefining \degres on input line 16.
LaTeX Info: Redefining \up on input line 16.

*geometry* driver: auto-detecting
*geometry* detected driver: pdftex
*geometry* verbose mode - [ preamble ] result:
* driver: pdftex
* paper: a4paper
* layout: <same size as paper>
* layoutoffset:(h,v)=(0.0pt,0.0pt)
* modes:
* h-part:(L,W,R)=(72.26999pt, 452.9679pt, 72.26999pt)
* v-part:(T,H,B)=(72.26999pt, 700.50687pt, 72.26999pt)
* \paperwidth=597.50787pt
* \paperheight=845.04684pt
* \textwidth=452.9679pt
* \textheight=700.50687pt
* \oddsidemargin=0.0pt
* \evensidemargin=0.0pt
* \topmargin=-37.0pt
* \headheight=12.0pt
* \headsep=25.0pt
* \topskip=12.0pt
* \footskip=30.0pt
* \marginparwidth=35.0pt
* \marginparsep=10.0pt
* \columnsep=10.0pt
* \skip\footins=10.8pt plus 4.0pt minus 2.0pt
* \hoffset=0.0pt
* \voffset=0.0pt
* \mag=1000
* \@twocolumnfalse
* \@twosidefalse
* \@mparswitchfalse
* \@reversemarginfalse
* (1in=72.27pt=25.4mm, 1cm=28.453pt)

(/usr/share/texlive/texmf-dist/tex/context/base/mkii/supp-pdf.mkii
[Loading MPS to PDF converter (version 2006.09.02).]
\scratchcounter=\count308
\scratchdimen=\dimen276
\scratchbox=\box65
\nofMPsegments=\count309
\nofMParguments=\count310
\everyMPshowfont=\toks45
\MPscratchCnt=\count311
\MPscratchDim=\dimen277
\MPnumerator=\count312
\makeMPintoPDFobject=\count313
\everyMPtoPDFconversion=\toks46
) (/usr/share/texlive/texmf-dist/tex/latex/epstopdf-pkg/epstopdf-base.sty
Package: epstopdf-base 2020-01-24 v2.11 Base part for package epstopdf
Package epstopdf-base Info: Redefining graphics rule for `.eps' on input line 4
85.

(/usr/share/texlive/texmf-dist/tex/latex/latexconfig/epstopdf-sys.cfg
File: epstopdf-sys.cfg 2010/07/13 v1.3 Configuration of (r)epstopdf for TeX Liv
e
))
LaTeX Font Info:    Trying to load font information for U+msa on input line 17.


(/usr/share/texlive/texmf-dist/tex/latex/amsfonts/umsa.fd
File: umsa.fd 2013/01/14 v3.01 AMS symbols A
)
LaTeX Font Info:    Trying to load font information for U+msb on input line 17.


(/usr/share/texlive/texmf-dist/tex/latex/amsfonts/umsb.fd
File: umsb.fd 2013/01/14 v3.01 AMS symbols B
) [1

{/var/lib/texmf/fonts/map/pdftex/updmap/pdftex.map}] (./jalon-9.toc)
\tf@toc=\write4
\openout4 = `jalon-9.toc'.

 [1

]
Chapitre 1.
[2

]
! Misplaced alignment tab character &.
<argument> 2. Formalisation &
                              Rigueur Académique
l.36 ...on{2. Formalisation & Rigueur Académique}

I can't figure out why you would want to use a tab mark
here. If you just want an ampersand, the remedy is
simple: Just type `I\&' now. But if some right brace
up above has ended a previous alignment prematurely,
you're probably due for more error messages, and you
might try typing `S' now just to see what is salvageable.

[3] [4]
! Misplaced alignment tab character &.
<argument> B. Théorèmes, Propositions &
                                          Lemmes
l.86 ...ion{B. Théorèmes, Propositions & Lemmes}

I can't figure out why you would want to use a tab mark
here. If you just want an ampersand, the remedy is
simple: Just type `I\&' now. But if some right brace
up above has ended a previous alignment prematurely,
you're probably due for more error messages, and you
might try typing `S' now just to see what is salvageable.


Overfull \hbox (9.92218pt too wide) in paragraph at lines 88--90
[]\T1/cmr/m/n/12 > \T1/cmr/bx/n/12 Pro-po-si-tion (Struc-ture d'es-pace vec-to-
riel de $\OMS/cmsy/m/n/12 M[]\OT1/cmr/m/n/12 (\U/msb/m/n/12 K\OT1/cmr/m/n/12 )$
\T1/cmr/bx/n/12 ) : \T1/cmr/m/n/12 > L'en-semble $\OMS/cmsy/m/n/12 M[]\OT1/cmr/
m/n/12 (\U/msb/m/n/12 K\OT1/cmr/m/n/12 )$
 []

[5] [6] [7]
! Misplaced alignment tab character &.
<argument> 4. Exercices d'Application &
                                        Pratique de Concours
l.189 ...ces d'Application & Pratique de Concours}

I can't figure out why you would want to use a tab mark
here. If you just want an ampersand, the remedy is
simple: Just type `I\&' now. But if some right brace
up above has ended a previous alignment prematurely,
you're probably due for more error messages, and you
might try typing `S' now just to see what is salvageable.

[8] [9] [10] [11]
! Misplaced alignment tab character &.
<argument> 5. Ancrage &
                        Application en Intelligence Artificielle
l.324 ...Application en Intelligence Artificielle}

I can't figure out why you would want to use a tab mark
here. If you just want an ampersand, the remedy is
simple: Just type `I\&' now. But if some right brace
up above has ended a previous alignment prematurely,
you're probably due for more error messages, and you
might try typing `S' now just to see what is salvageable.

[12]
! Misplaced alignment tab character &.
<argument> 6. Liens Sémantiques &
                                   Maillage Obsidian
l.333 .... Liens Sémantiques & Maillage Obsidian}

I can't figure out why you would want to use a tab mark
here. If you just want an ampersand, the remedy is
simple: Just type `I\&' now. But if some right brace
up above has ended a previous alignment prematurely,
you're probably due for more error messages, and you
might try typing `S' now just to see what is salvageable.

[13] [14]
Chapitre 2.

! LaTeX Error: Unicode character ☆ (U+2606)
               not set up for use with LaTeX.

See the LaTeX manual or LaTeX Companion for explanation.
Type  H <return>  for immediate help.
 ...

l.339 \textbf{Difficulté :} $\star$☆
                                       ☆☆☆
You may provide a definition with
\DeclareUnicodeCharacter


! LaTeX Error: Unicode character ☆ (U+2606)
               not set up for use with LaTeX.

See the LaTeX manual or LaTeX Companion for explanation.
Type  H <return>  for immediate help.
 ...

l.339 \textbf{Difficulté :} $\star$☆☆
                                          ☆☆
You may provide a definition with
\DeclareUnicodeCharacter


! LaTeX Error: Unicode character ☆ (U+2606)
               not set up for use with LaTeX.

See the LaTeX manual or LaTeX Companion for explanation.
Type  H <return>  for immediate help.
 ...

l.339 \textbf{Difficulté :} $\star$☆☆☆
                                             ☆
You may provide a definition with
\DeclareUnicodeCharacter


! LaTeX Error: Unicode character ☆ (U+2606)
               not set up for use with LaTeX.

See the LaTeX manual or LaTeX Companion for explanation.
Type  H <return>  for immediate help.
 ...

l.339 \textbf{Difficulté :} $\star$☆☆☆☆

You may provide a definition with
\DeclareUnicodeCharacter

[15

]

! LaTeX Error: Unicode character ☆ (U+2606)
               not set up for use with LaTeX.

See the LaTeX manual or LaTeX Companion for explanation.
Type  H <return>  for immediate help.
 ...

l.404 \textbf{Difficulté :} $\star$☆
                                       ☆☆☆
You may provide a definition with
\DeclareUnicodeCharacter


! LaTeX Error: Unicode character ☆ (U+2606)
               not set up for use with LaTeX.

See the LaTeX manual or LaTeX Companion for explanation.
Type  H <return>  for immediate help.
 ...

l.404 \textbf{Difficulté :} $\star$☆☆
                                          ☆☆
You may provide a definition with
\DeclareUnicodeCharacter


! LaTeX Error: Unicode character ☆ (U+2606)
               not set up for use with LaTeX.

See the LaTeX manual or LaTeX Companion for explanation.
Type  H <return>  for immediate help.
 ...

l.404 \textbf{Difficulté :} $\star$☆☆☆
                                             ☆
You may provide a definition with
\DeclareUnicodeCharacter


! LaTeX Error: Unicode character ☆ (U+2606)
               not set up for use with LaTeX.

See the LaTeX manual or LaTeX Companion for explanation.
Type  H <return>  for immediate help.
 ...

l.404 \textbf{Difficulté :} $\star$☆☆☆☆

You may provide a definition with
\DeclareUnicodeCharacter

[16]
Overfull \hbox (6.17096pt too wide) in paragraph at lines 492--492
[]\T1/cmr/bx/n/17.28 Exercice 3 : Pro-duit Ma-tri-ciel et Pro-pri\xe9t\xe9 de Trans-
 []


! LaTeX Error: Unicode character ☆ (U+2606)
               not set up for use with LaTeX.

See the LaTeX manual or LaTeX Companion for explanation.
Type  H <return>  for immediate help.
 ...

l.493 \textbf{Difficulté :} $\star$$\star$☆
                                              ☆☆
You may provide a definition with
\DeclareUnicodeCharacter


! LaTeX Error: Unicode character ☆ (U+2606)
               not set up for use with LaTeX.

See the LaTeX manual or LaTeX Companion for explanation.
Type  H <return>  for immediate help.
 ...

l.493 \textbf{Difficulté :} $\star$$\star$☆☆
                                                 ☆
You may provide a definition with
\DeclareUnicodeCharacter


! LaTeX Error: Unicode character ☆ (U+2606)
               not set up for use with LaTeX.

See the LaTeX manual or LaTeX Companion for explanation.
Type  H <return>  for immediate help.
 ...

l.493 ...bf{Difficulté :} $\star$$\star$☆☆☆

You may provide a definition with
\DeclareUnicodeCharacter

[17] [18]

! LaTeX Error: Unicode character ☆ (U+2606)
               not set up for use with LaTeX.

See the LaTeX manual or LaTeX Companion for explanation.
Type  H <return>  for immediate help.
 ...

l.599 \textbf{Difficulté :} $\star$$\star$☆
                                              ☆☆
You may provide a definition with
\DeclareUnicodeCharacter


! LaTeX Error: Unicode character ☆ (U+2606)
               not set up for use with LaTeX.

See the LaTeX manual or LaTeX Companion for explanation.
Type  H <return>  for immediate help.
 ...

l.599 \textbf{Difficulté :} $\star$$\star$☆☆
                                                 ☆
You may provide a definition with
\DeclareUnicodeCharacter


! LaTeX Error: Unicode character ☆ (U+2606)
               not set up for use with LaTeX.

See the LaTeX manual or LaTeX Companion for explanation.
Type  H <return>  for immediate help.
 ...

l.599 ...bf{Difficulté :} $\star$$\star$☆☆☆

You may provide a definition with
\DeclareUnicodeCharacter

[19] [20]

! LaTeX Error: Unicode character ☆ (U+2606)
               not set up for use with LaTeX.

See the LaTeX manual or LaTeX Companion for explanation.
Type  H <return>  for immediate help.
 ...

l.653 ...f{Difficulté :} $\star$$\star$$\star$☆
                                                  ☆
You may provide a definition with
\DeclareUnicodeCharacter


! LaTeX Error: Unicode character ☆ (U+2606)
               not set up for use with LaTeX.

See the LaTeX manual or LaTeX Companion for explanation.
Type  H <return>  for immediate help.
 ...

l.653 ...ifficulté :} $\star$$\star$$\star$☆☆

You may provide a definition with
\DeclareUnicodeCharacter

[21] [22] [23]

! LaTeX Error: Unicode character ☆ (U+2606)
               not set up for use with LaTeX.

See the LaTeX manual or LaTeX Companion for explanation.
Type  H <return>  for immediate help.
 ...

l.749 ...f{Difficulté :} $\star$$\star$$\star$☆
                                                  ☆
You may provide a definition with
\DeclareUnicodeCharacter


! LaTeX Error: Unicode character ☆ (U+2606)
               not set up for use with LaTeX.

See the LaTeX manual or LaTeX Companion for explanation.
Type  H <return>  for immediate help.
 ...

l.749 ...ifficulté :} $\star$$\star$$\star$☆☆

You may provide a definition with
\DeclareUnicodeCharacter

[24] [25] [26] [27]

! LaTeX Error: Unicode character ☆ (U+2606)
               not set up for use with LaTeX.

See the LaTeX manual or LaTeX Companion for explanation.
Type  H <return>  for immediate help.
 ...

l.888 ...culté :} $\star$$\star$$\star$$\star$☆

You may provide a definition with
\DeclareUnicodeCharacter

[28] [29] [30]
Overfull \hbox (42.94994pt too wide) in paragraph at lines 1022--1032
[]\T1/cmr/m/n/12 L'image $[]\OT1/cmr/m/n/12 (^^H[])$ \T1/cmr/m/n/12 est l'es-pa
ce vec-to-riel en-gen-dr\xe9 par ces ma-trices : $[]\OT1/cmr/m/n/12 (^^H[]) = [](\
OMS/cmsy/m/n/12 ^^@\OML/cmm/m/it/12 E[]; \OT1/cmr/m/n/12 0\OML/cmm/m/it/12 ; E[
] \OMS/cmsy/m/n/12 ^^@
 []


! LaTeX Error: Unicode character ☆ (U+2606)
               not set up for use with LaTeX.

See the LaTeX manual or LaTeX Companion for explanation.
Type  H <return>  for immediate help.
 ...

l.1051 ...ulté :} $\star$$\star$$\star$$\star$☆

You may provide a definition with
\DeclareUnicodeCharacter

[31]
Overfull \hbox (22.23836pt too wide) detected at line 1077
\OML/cmm/m/it/12 P[]\OT1/cmr/m/n/12 (\OML/cmm/m/it/12 X\OT1/cmr/m/n/12 ) = (4 \
OMS/cmsy/m/n/12 ^^@ \OML/cmm/m/it/12 X\OT1/cmr/m/n/12 ) [] [] = (4 \OMS/cmsy/m/
n/12 ^^@ \OML/cmm/m/it/12 X\OT1/cmr/m/n/12 ) [] []
 []

[32] [33] [34] [35] [36] [37] [38] [39] [40] [41] [42] [43] [44]
Chapitre 3.
LaTeX Font Info:    Trying to load font information for T1+cmtt on input line 1
550.
(/usr/share/texlive/texmf-dist/tex/latex/base/t1cmtt.fd
File: t1cmtt.fd 2023/04/13 v2.5m Standard LaTeX font definitions
)
Overfull \hbox (121.1669pt too wide) in paragraph at lines 1759--1759
[]\T1/cmtt/m/n/12 \section{Definition d'un alias de type pour une matrice, faci
litant la lecture et la typage.}[]
 []


Overfull \hbox (47.08499pt too wide) in paragraph at lines 1759--1759
[]    \T1/cmtt/m/n/12 Retourne les dimensions (nombre de lignes, nombre de colo
nnes) d'une matrice.[]
 []


Overfull \hbox (53.25848pt too wide) in paragraph at lines 1759--1759
[]    \T1/cmtt/m/n/12 Une matrice vide ou une liste de listes vides est conside
ree comme 0x0 ou Nx0.[]
 []


Overfull \hbox (53.25848pt too wide) in paragraph at lines 1759--1759
[]    \T1/cmtt/m/n/12 # Si la matrice n'est pas vide mais que la premiere ligne
 est vide (ex: [[]]),[]
 []

[45

]
Overfull \hbox (158.20786pt too wide) in paragraph at lines 1759--1759
[]    \T1/cmtt/m/n/12 assert rows >= 0 and cols >= 0, "Les dimensions (lignes,
colonnes) doivent etre non-negatives."[]
 []


Overfull \hbox (10.04404pt too wide) in paragraph at lines 1759--1759
[]    \T1/cmtt/m/n/12 assert is\_valid\_matrix(matrix\_a) and is\_valid\_matrix
(matrix\_b), \[]
 []


Overfull \hbox (108.81992pt too wide) in paragraph at lines 1759--1759
[]        \T1/cmtt/m/n/12 "Les entrees doivent etre des matrices valides (liste
 de listes de meme longueur)."[]
 []


Overfull \hbox (380.45358pt too wide) in paragraph at lines 1759--1759
[]        \T1/cmtt/m/n/12 f"Les matrices doivent avoir les memes dimensions pou
r etre additionnees. Recu A: {rows\_a}x{cols\_a}, B: {rows\_b}x{cols\_b}."[]
 []

[46]
Overfull \hbox (59.43198pt too wide) in paragraph at lines 1759--1759
[]        \T1/cmtt/m/n/12 "L'entree doit etre une matrice valide (liste de list
es de meme longueur)."[]
 []


Overfull \hbox (59.43198pt too wide) in paragraph at lines 1759--1759
[]    \T1/cmtt/m/n/12 Multiplie deux matrices. Pour que A * B soit valide, le n
ombre de colonnes de A[]
 []


Overfull \hbox (10.04404pt too wide) in paragraph at lines 1759--1759
[]    \T1/cmtt/m/n/12 assert is\_valid\_matrix(matrix\_a) and is\_valid\_matrix
(matrix\_b), \[]
 []


Overfull \hbox (108.81992pt too wide) in paragraph at lines 1759--1759
[]        \T1/cmtt/m/n/12 "Les entrees doivent etre des matrices valides (liste
 de listes de meme longueur)."[]
 []


Overfull \hbox (485.40295pt too wide) in paragraph at lines 1759--1759
[]        \T1/cmtt/m/n/12 f"Le nombre de colonnes de la premiere matrice ({cols
\_a}) doit etre egal au nombre de lignes de la seconde ({rows\_b}) pour la mult
iplication."[]
 []


Overfull \hbox (34.738pt too wide) in paragraph at lines 1759--1759
[]            \T1/cmtt/m/n/12 # L'element (i, j) de la matrice resultante est l
e produit scalaire[]
 []


Overfull \hbox (47.08499pt too wide) in paragraph at lines 1759--1759
[]            \T1/cmtt/m/n/12 # de la i-eme ligne de matrix\_a et de la j-eme c
olonne de matrix\_b.[]
 []


Overfull \hbox (59.43198pt too wide) in paragraph at lines 1759--1759
[]        \T1/cmtt/m/n/12 "L'entree doit etre une matrice valide (liste de list
es de meme longueur)."[]
 []

[47]
Overfull \hbox (22.39102pt too wide) in paragraph at lines 1759--1759
[]\T1/cmtt/m/n/12 \section{--- Bloc de tests et d'assertions pour valider l'imp
lementation ---}[]
 []


Overfull \hbox (127.3404pt too wide) in paragraph at lines 1759--1759
[]    \T1/cmtt/m/n/12 print("--- Demarrage des tests pour TP 1 : Operations Fon
damentales sur les Matrices ---")[]
 []


Overfull \hbox (448.362pt too wide) in paragraph at lines 1759--1759
[]    \T1/cmtt/m/n/12 m\_invalid\_type: List[List[float]] = [[1.0, 2.0], [3.0,
"4.0"]] # Type checking will catch this, but runtime check for structure is als
o good[]
 []


Overfull \hbox (65.60547pt too wide) in paragraph at lines 1759--1759
[]    \T1/cmtt/m/n/12 assert get\_dimensions(m\_empty) == (0, 0), "Test get\_di
mensions (vide) echoue"[]
 []


Overfull \hbox (47.08499pt too wide) in paragraph at lines 1759--1759
[]    \T1/cmtt/m/n/12 assert get\_dimensions(m\_1x1) == (1, 1), "Test get\_dime
nsions (1x1) echoue"[]
 []


Overfull \hbox (47.08499pt too wide) in paragraph at lines 1759--1759
[]    \T1/cmtt/m/n/12 assert get\_dimensions(m\_2x3) == (2, 3), "Test get\_dime
nsions (2x3) echoue"[]
 []


Overfull \hbox (77.95245pt too wide) in paragraph at lines 1759--1759
[]    \T1/cmtt/m/n/12 assert is\_valid\_matrix(m\_empty) is True, "Test is\_val
id\_matrix (vide) echoue"[]
 []


Overfull \hbox (59.43198pt too wide) in paragraph at lines 1759--1759
[]    \T1/cmtt/m/n/12 assert is\_valid\_matrix(m\_1x1) is True, "Test is\_valid
\_matrix (1x1) echoue"[]
 []


Overfull \hbox (59.43198pt too wide) in paragraph at lines 1759--1759
[]    \T1/cmtt/m/n/12 assert is\_valid\_matrix(m\_2x3) is True, "Test is\_valid
\_matrix (2x3) echoue"[]
 []


Overfull \hbox (300.19818pt too wide) in paragraph at lines 1759--1759
[]    \T1/cmtt/m/n/12 assert is\_valid\_matrix(m\_invalid\_rows) is False, "Tes
t is\_valid\_matrix (lignes de longueurs differentes) echoue"[]
 []


Overfull \hbox (331.06564pt too wide) in paragraph at lines 1759--1759
[]    \T1/cmtt/m/n/12 assert is\_valid\_matrix([[1.0], [2.0, 3.0]]) is False, "
Test is\_valid\_matrix (lignes de longueurs differentes 2) echoue"[]
 []


Overfull \hbox (312.54517pt too wide) in paragraph at lines 1759--1759
[]    \T1/cmtt/m/n/12 assert is\_valid\_matrix([[], []]) is True, "Test is\_val
id\_matrix (matrice 2x0) echoue" # Valide, 2 lignes, 0 colonnes[]
 []


Overfull \hbox (207.5958pt too wide) in paragraph at lines 1759--1759
[]    \T1/cmtt/m/n/12 assert create\_zero\_matrix(2, 2) == [[0.0, 0.0], [0.0, 0
.0]], "Test create\_zero\_matrix (2x2) echoue"[]
 []


Overfull \hbox (164.38135pt too wide) in paragraph at lines 1759--1759
[]    \T1/cmtt/m/n/12 assert create\_zero\_matrix(1, 3) == [[0.0, 0.0, 0.0]], "
Test create\_zero\_matrix (1x3) echoue"[]
 []


Overfull \hbox (71.77896pt too wide) in paragraph at lines 1759--1759
[]    \T1/cmtt/m/n/12 assert create\_zero\_matrix(0, 0) == [], "Test create\_ze
ro\_matrix (0x0) echoue"[]
 []


Overfull \hbox (213.76929pt too wide) in paragraph at lines 1759--1759
[]        \T1/cmtt/m/n/12 assert False, "create\_zero\_matrix devrait lever une
 AssertionError pour des dimensions negatives."[]
 []


Overfull \hbox (40.9115pt too wide) in paragraph at lines 1759--1759
[]    \T1/cmtt/m/n/12 assert add\_matrices(A, B) == C\_expected, "Test add\_mat
rices (2x2) echoue"[]
 []


Overfull \hbox (213.76929pt too wide) in paragraph at lines 1759--1759
[]    \T1/cmtt/m/n/12 assert add\_matrices(create\_zero\_matrix(2,2), A) == A,
"Test add\_matrices (identite additive) echoue"[]
 []


Overfull \hbox (195.24881pt too wide) in paragraph at lines 1759--1759
[]        \T1/cmtt/m/n/12 assert False, "add\_matrices devrait lever une Assert
ionError pour des dimensions incompatibles."[]
 []

[48]
Overfull \hbox (318.71866pt too wide) in paragraph at lines 1759--1759
[]    \T1/cmtt/m/n/12 assert scalar\_multiply\_matrix(A, 2.0) == [[2.0, 4.0], [
6.0, 8.0]], "Test scalar\_multiply\_matrix (facteur 2.0) echoue"[]
 []


Overfull \hbox (318.71866pt too wide) in paragraph at lines 1759--1759
[]    \T1/cmtt/m/n/12 assert scalar\_multiply\_matrix(A, 0.0) == [[0.0, 0.0], [
0.0, 0.0]], "Test scalar\_multiply\_matrix (facteur 0.0) echoue"[]
 []


Overfull \hbox (232.28976pt too wide) in paragraph at lines 1759--1759
[]    \T1/cmtt/m/n/12 assert scalar\_multiply\_matrix(m\_empty, 5.0) == [], "Te
st scalar\_multiply\_matrix (matrice vide) echoue"[]
 []


Overfull \hbox (139.68738pt too wide) in paragraph at lines 1759--1759
[]    \T1/cmtt/m/n/12 assert multiply\_matrices(E, F) == G\_expected, "Test mul
tiply\_matrices (2x2 * 2x2) echoue"[]
 []


Overfull \hbox (139.68738pt too wide) in paragraph at lines 1759--1759
[]    \T1/cmtt/m/n/12 assert multiply\_matrices(H, I) == J\_expected, "Test mul
tiply\_matrices (2x3 * 3x2) echoue"[]
 []


Overfull \hbox (84.12595pt too wide) in paragraph at lines 1759--1759
[]    \T1/cmtt/m/n/12 # Propriete de la matrice identite (non implementee ici,
mais utile pour les tests)[]
 []


Overfull \hbox (84.12595pt too wide) in paragraph at lines 1759--1759
[]    \T1/cmtt/m/n/12 assert multiply\_matrices(E, I\_2x2) == E, "Test multiply
\_matrices (A * I) echoue"[]
 []


Overfull \hbox (84.12595pt too wide) in paragraph at lines 1759--1759
[]    \T1/cmtt/m/n/12 assert multiply\_matrices(I\_2x2, E) == E, "Test multiply
\_matrices (I * A) echoue"[]
 []


Overfull \hbox (226.11627pt too wide) in paragraph at lines 1759--1759
[]        \T1/cmtt/m/n/12 assert False, "multiply\_matrices devrait lever une A
ssertionError pour des dimensions incompatibles."[]
 []


Overfull \hbox (90.29944pt too wide) in paragraph at lines 1759--1759
[]    \T1/cmtt/m/n/12 assert transpose\_matrix(K) == K\_T\_expected, "Test tran
spose\_matrix (2x3) echoue"[]
 []


Overfull \hbox (90.29944pt too wide) in paragraph at lines 1759--1759
[]    \T1/cmtt/m/n/12 assert transpose\_matrix(L) == L\_T\_expected, "Test tran
spose\_matrix (2x2) echoue"[]
 []


Overfull \hbox (176.72833pt too wide) in paragraph at lines 1759--1759
[]    \T1/cmtt/m/n/12 assert transpose\_matrix(transpose\_matrix(K)) == K, "Tes
t transpose\_matrix ((A^T)^T = A) echoue"[]
 []


Overfull \hbox (114.99341pt too wide) in paragraph at lines 1759--1759
[]    \T1/cmtt/m/n/12 assert transpose\_matrix(m\_empty) == [], "Test transpose
\_matrix (matrice vide) echoue"[]
 []


Overfull \hbox (133.51389pt too wide) in paragraph at lines 1759--1759
[]    \T1/cmtt/m/n/12 assert transpose\_matrix([[5.0]]) == [[5.0]], "Test trans
pose\_matrix (matrice 1x1) echoue"[]
 []

[49]
LaTeX Font Info:    Font shape `T1/cmtt/bx/n' in size <12> not available
(Font)              Font shape `T1/cmtt/m/n' tried instead on input line 1767.

! Missing $ inserted.
<inserted text>
                $
l.1767 ...nsions} et \texttt{is\\_valid\\_matrix}}
                                                  : Ces fonctions sont cruci...
I've inserted a begin-math/end-math symbol since I think
you left one out. Proceed, with fingers crossed.

! Extra }, or forgotten $.
<recently read> \egroup

l.1767 ...nsions} et \texttt{is\\_valid\\_matrix}}
                                                  : Ces fonctions sont cruci...
I've deleted a group-closing symbol because it seems to be
spurious, as in `$x}$'. But perhaps the } is legitimate and
you forgot something else, as in `\hbox{$x}'. In such cases
the way to recover is to insert both the forgotten and the
deleted material, e.g., by typing `I$}'.

! Missing $ inserted.
<inserted text>
                $
l.1767 ...nsions} et \texttt{is\\_valid\\_matrix}}
                                                  : Ces fonctions sont cruci...
I've inserted a begin-math/end-math symbol since I think
you left one out. Proceed, with fingers crossed.

! Extra }, or forgotten $.
\textdef@ ...th {#1}\let \f@size #2\selectfont #3}
                                                  }
l.1767 ...nsions} et \texttt{is\\_valid\\_matrix}}
                                                  : Ces fonctions sont cruci...
I've deleted a group-closing symbol because it seems to be
spurious, as in `$x}$'. But perhaps the } is legitimate and
you forgot something else, as in `\hbox{$x}'. In such cases
the way to recover is to insert both the forgotten and the
deleted material, e.g., by typing `I$}'.

! Extra }, or forgotten $.
\textdef@ ...h {#1}\let \f@size #2\selectfont #3}}

l.1767 ...nsions} et \texttt{is\\_valid\\_matrix}}
                                                  : Ces fonctions sont cruci...
I've deleted a group-closing symbol because it seems to be
spurious, as in `$x}$'. But perhaps the } is legitimate and
you forgot something else, as in `\hbox{$x}'. In such cases
the way to recover is to insert both the forgotten and the
deleted material, e.g., by typing `I$}'.

! Extra }, or forgotten $.
\text@ ...e {\textdef@ \displaystyle \f@size {#1}}
                                                  {\textdef@ \textstyle \f@s...
l.1767 ...nsions} et \texttt{is\\_valid\\_matrix}}
                                                  : Ces fonctions sont cruci...
I've deleted a group-closing symbol because it seems to be
spurious, as in `$x}$'. But perhaps the } is legitimate and
you forgot something else, as in `\hbox{$x}'. In such cases
the way to recover is to insert both the forgotten and the
deleted material, e.g., by typing `I$}'.

! Missing $ inserted.
<inserted text>
                $
l.1767 ...nsions} et \texttt{is\\_valid\\_matrix}}
                                                  : Ces fonctions sont cruci...
I've inserted a begin-math/end-math symbol since I think
you left one out. Proceed, with fingers crossed.

! Extra }, or forgotten $.
\textdef@ ...th {#1}\let \f@size #2\selectfont #3}
                                                  }
l.1767 ...nsions} et \texttt{is\\_valid\\_matrix}}
                                                  : Ces fonctions sont cruci...
I've deleted a group-closing symbol because it seems to be
spurious, as in `$x}$'. But perhaps the } is legitimate and
you forgot something else, as in `\hbox{$x}'. In such cases
the way to recover is to insert both the forgotten and the
deleted material, e.g., by typing `I$}'.

! Extra }, or forgotten $.
\textdef@ ...h {#1}\let \f@size #2\selectfont #3}}

l.1767 ...nsions} et \texttt{is\\_valid\\_matrix}}
                                                  : Ces fonctions sont cruci...
I've deleted a group-closing symbol because it seems to be
spurious, as in `$x}$'. But perhaps the } is legitimate and
you forgot something else, as in `\hbox{$x}'. In such cases
the way to recover is to insert both the forgotten and the
deleted material, e.g., by typing `I$}'.

! Extra }, or forgotten $.
\text@ ...xtstyle \f@size {\firstchoice@false #1}}
                                                  {\textdef@ \textstyle \sf@...
l.1767 ...nsions} et \texttt{is\\_valid\\_matrix}}
                                                  : Ces fonctions sont cruci...
I've deleted a group-closing symbol because it seems to be
spurious, as in `$x}$'. But perhaps the } is legitimate and
you forgot something else, as in `\hbox{$x}'. In such cases
the way to recover is to insert both the forgotten and the
deleted material, e.g., by typing `I$}'.

! Missing $ inserted.
<inserted text>
                $
l.1767 ...nsions} et \texttt{is\\_valid\\_matrix}}
                                                  : Ces fonctions sont cruci...
I've inserted a begin-math/end-math symbol since I think
you left one out. Proceed, with fingers crossed.

! Extra }, or forgotten $.
\textdef@ ...th {#1}\let \f@size #2\selectfont #3}
                                                  }
l.1767 ...nsions} et \texttt{is\\_valid\\_matrix}}
                                                  : Ces fonctions sont cruci...
I've deleted a group-closing symbol because it seems to be
spurious, as in `$x}$'. But perhaps the } is legitimate and
you forgot something else, as in `\hbox{$x}'. In such cases
the way to recover is to insert both the forgotten and the
deleted material, e.g., by typing `I$}'.

! Extra }, or forgotten $.
\textdef@ ...h {#1}\let \f@size #2\selectfont #3}}

l.1767 ...nsions} et \texttt{is\\_valid\\_matrix}}
                                                  : Ces fonctions sont cruci...
I've deleted a group-closing symbol because it seems to be
spurious, as in `$x}$'. But perhaps the } is legitimate and
you forgot something else, as in `\hbox{$x}'. In such cases
the way to recover is to insert both the forgotten and the
deleted material, e.g., by typing `I$}'.

! Extra }, or forgotten $.
\text@ ...tstyle \sf@size {\firstchoice@false #1}}
                                                  {\textdef@ \textstyle \ssf...
l.1767 ...nsions} et \texttt{is\\_valid\\_matrix}}
                                                  : Ces fonctions sont cruci...
I've deleted a group-closing symbol because it seems to be
spurious, as in `$x}$'. But perhaps the } is legitimate and
you forgot something else, as in `\hbox{$x}'. In such cases
the way to recover is to insert both the forgotten and the
deleted material, e.g., by typing `I$}'.

! Missing $ inserted.
<inserted text>
                $
l.1767 ...nsions} et \texttt{is\\_valid\\_matrix}}
                                                  : Ces fonctions sont cruci...
I've inserted a begin-math/end-math symbol since I think
you left one out. Proceed, with fingers crossed.

! Extra }, or forgotten $.
\textdef@ ...th {#1}\let \f@size #2\selectfont #3}
                                                  }
l.1767 ...nsions} et \texttt{is\\_valid\\_matrix}}
                                                  : Ces fonctions sont cruci...
I've deleted a group-closing symbol because it seems to be
spurious, as in `$x}$'. But perhaps the } is legitimate and
you forgot something else, as in `\hbox{$x}'. In such cases
the way to recover is to insert both the forgotten and the
deleted material, e.g., by typing `I$}'.

! Extra }, or forgotten $.
\textdef@ ...h {#1}\let \f@size #2\selectfont #3}}

l.1767 ...nsions} et \texttt{is\\_valid\\_matrix}}
                                                  : Ces fonctions sont cruci...
I've deleted a group-closing symbol because it seems to be
spurious, as in `$x}$'. But perhaps the } is legitimate and
you forgot something else, as in `\hbox{$x}'. In such cases
the way to recover is to insert both the forgotten and the
deleted material, e.g., by typing `I$}'.

! Extra }, or forgotten $.
\text@ ...style \ssf@size {\firstchoice@false #1}}
                                                  \check@mathfonts }
l.1767 ...nsions} et \texttt{is\\_valid\\_matrix}}
                                                  : Ces fonctions sont cruci...
I've deleted a group-closing symbol because it seems to be
spurious, as in `$x}$'. But perhaps the } is legitimate and
you forgot something else, as in `\hbox{$x}'. In such cases
the way to recover is to insert both the forgotten and the
deleted material, e.g., by typing `I$}'.

! Extra }, or forgotten $.
\text@ ...firstchoice@false #1}}\check@mathfonts }

l.1767 ...nsions} et \texttt{is\\_valid\\_matrix}}
                                                  : Ces fonctions sont cruci...
I've deleted a group-closing symbol because it seems to be
spurious, as in `$x}$'. But perhaps the } is legitimate and
you forgot something else, as in `\hbox{$x}'. In such cases
the way to recover is to insert both the forgotten and the
deleted material, e.g., by typing `I$}'.

! Extra }, or forgotten $.
<recently read> \egroup

l.1767 ...nsions} et \texttt{is\\_valid\\_matrix}}
                                                  : Ces fonctions sont cruci...
I've deleted a group-closing symbol because it seems to be
spurious, as in `$x}$'. But perhaps the } is legitimate and
you forgot something else, as in `\hbox{$x}'. In such cases
the way to recover is to insert both the forgotten and the
deleted material, e.g., by typing `I$}'.

! Missing $ inserted.
<inserted text>
                $
l.1767 ...\xa9mentation. \texttt{is\\_valid\\_matrix}
                                                   garantit que la structure...
I've inserted a begin-math/end-math symbol since I think
you left one out. Proceed, with fingers crossed.

! Extra }, or forgotten $.
\textdef@ ...th {#1}\let \f@size #2\selectfont #3}
                                                  }
l.1767 ...\xa9mentation. \texttt{is\\_valid\\_matrix}
                                                   garantit que la structure...
I've deleted a group-closing symbol because it seems to be
spurious, as in `$x}$'. But perhaps the } is legitimate and
you forgot something else, as in `\hbox{$x}'. In such cases
the way to recover is to insert both the forgotten and the
deleted material, e.g., by typing `I$}'.

! Extra }, or forgotten $.
\textdef@ ...h {#1}\let \f@size #2\selectfont #3}}

l.1767 ...\xa9mentation. \texttt{is\\_valid\\_matrix}
                                                   garantit que la structure...
I've deleted a group-closing symbol because it seems to be
spurious, as in `$x}$'. But perhaps the } is legitimate and
you forgot something else, as in `\hbox{$x}'. In such cases
the way to recover is to insert both the forgotten and the
deleted material, e.g., by typing `I$}'.

! Extra }, or forgotten $.
\text@ ...e {\textdef@ \displaystyle \f@size {#1}}
                                                  {\textdef@ \textstyle \f@s...
l.1767 ...\xa9mentation. \texttt{is\\_valid\\_matrix}
                                                   garantit que la structure...
I've deleted a group-closing symbol because it seems to be
spurious, as in `$x}$'. But perhaps the } is legitimate and
you forgot something else, as in `\hbox{$x}'. In such cases
the way to recover is to insert both the forgotten and the
deleted material, e.g., by typing `I$}'.

! Missing $ inserted.
<inserted text>
                $
l.1767 ...\xa9mentation. \texttt{is\\_valid\\_matrix}
                                                   garantit que la structure...
I've inserted a begin-math/end-math symbol since I think
you left one out. Proceed, with fingers crossed.

! Extra }, or forgotten $.
\textdef@ ...th {#1}\let \f@size #2\selectfont #3}
                                                  }
l.1767 ...\xa9mentation. \texttt{is\\_valid\\_matrix}
                                                   garantit que la structure...
I've deleted a group-closing symbol because it seems to be
spurious, as in `$x}$'. But perhaps the } is legitimate and
you forgot something else, as in `\hbox{$x}'. In such cases
the way to recover is to insert both the forgotten and the
deleted material, e.g., by typing `I$}'.

! Extra }, or forgotten $.
\textdef@ ...h {#1}\let \f@size #2\selectfont #3}}

l.1767 ...\xa9mentation. \texttt{is\\_valid\\_matrix}
                                                   garantit que la structure...
I've deleted a group-closing symbol because it seems to be
spurious, as in `$x}$'. But perhaps the } is legitimate and
you forgot something else, as in `\hbox{$x}'. In such cases
the way to recover is to insert both the forgotten and the
deleted material, e.g., by typing `I$}'.

! Extra }, or forgotten $.
\text@ ...xtstyle \f@size {\firstchoice@false #1}}
                                                  {\textdef@ \textstyle \sf@...
l.1767 ...\xa9mentation. \texttt{is\\_valid\\_matrix}
                                                   garantit que la structure...
I've deleted a group-closing symbol because it seems to be
spurious, as in `$x}$'. But perhaps the } is legitimate and
you forgot something else, as in `\hbox{$x}'. In such cases
the way to recover is to insert both the forgotten and the
deleted material, e.g., by typing `I$}'.

! Missing $ inserted.
<inserted text>
                $
l.1767 ...\xa9mentation. \texttt{is\\_valid\\_matrix}
                                                   garantit que la structure...
I've inserted a begin-math/end-math symbol since I think
you left one out. Proceed, with fingers crossed.

! Extra }, or forgotten $.
\textdef@ ...th {#1}\let \f@size #2\selectfont #3}
                                                  }
l.1767 ...\xa9mentation. \texttt{is\\_valid\\_matrix}
                                                   garantit que la structure...
I've deleted a group-closing symbol because it seems to be
spurious, as in `$x}$'. But perhaps the } is legitimate and
you forgot something else, as in `\hbox{$x}'. In such cases
the way to recover is to insert both the forgotten and the
deleted material, e.g., by typing `I$}'.

! Extra }, or forgotten $.
\textdef@ ...h {#1}\let \f@size #2\selectfont #3}}

l.1767 ...\xa9mentation. \texttt{is\\_valid\\_matrix}
                                                   garantit que la structure...
I've deleted a group-closing symbol because it seems to be
spurious, as in `$x}$'. But perhaps the } is legitimate and
you forgot something else, as in `\hbox{$x}'. In such cases
the way to recover is to insert both the forgotten and the
deleted material, e.g., by typing `I$}'.

! Extra }, or forgotten $.
\text@ ...tstyle \sf@size {\firstchoice@false #1}}
                                                  {\textdef@ \textstyle \ssf...
l.1767 ...\xa9mentation. \texttt{is\\_valid\\_matrix}
                                                   garantit que la structure...
I've deleted a group-closing symbol because it seems to be
spurious, as in `$x}$'. But perhaps the } is legitimate and
you forgot something else, as in `\hbox{$x}'. In such cases
the way to recover is to insert both the forgotten and the
deleted material, e.g., by typing `I$}'.

! Missing $ inserted.
<inserted text>
                $
l.1767 ...\xa9mentation. \texttt{is\\_valid\\_matrix}
                                                   garantit que la structure...
I've inserted a begin-math/end-math symbol since I think
you left one out. Proceed, with fingers crossed.

! Extra }, or forgotten $.
\textdef@ ...th {#1}\let \f@size #2\selectfont #3}
                                                  }
l.1767 ...\xa9mentation. \texttt{is\\_valid\\_matrix}
                                                   garantit que la structure...
I've deleted a group-closing symbol because it seems to be
spurious, as in `$x}$'. But perhaps the } is legitimate and
you forgot something else, as in `\hbox{$x}'. In such cases
the way to recover is to insert both the forgotten and the
deleted material, e.g., by typing `I$}'.

! Extra }, or forgotten $.
\textdef@ ...h {#1}\let \f@size #2\selectfont #3}}

l.1767 ...\xa9mentation. \texttt{is\\_valid\\_matrix}
                                                   garantit que la structure...
I've deleted a group-closing symbol because it seems to be
spurious, as in `$x}$'. But perhaps the } is legitimate and
you forgot something else, as in `\hbox{$x}'. In such cases
the way to recover is to insert both the forgotten and the
deleted material, e.g., by typing `I$}'.

! Extra }, or forgotten $.
\text@ ...style \ssf@size {\firstchoice@false #1}}
                                                  \check@mathfonts }
l.1767 ...\xa9mentation. \texttt{is\\_valid\\_matrix}
                                                   garantit que la structure...
I've deleted a group-closing symbol because it seems to be
spurious, as in `$x}$'. But perhaps the } is legitimate and
you forgot something else, as in `\hbox{$x}'. In such cases
the way to recover is to insert both the forgotten and the
deleted material, e.g., by typing `I$}'.

! Extra }, or forgotten $.
\text@ ...firstchoice@false #1}}\check@mathfonts }

l.1767 ...\xa9mentation. \texttt{is\\_valid\\_matrix}
                                                   garantit que la structure...
I've deleted a group-closing symbol because it seems to be
spurious, as in `$x}$'. But perhaps the } is legitimate and
you forgot something else, as in `\hbox{$x}'. In such cases
the way to recover is to insert both the forgotten and the
deleted material, e.g., by typing `I$}'.

! Missing $ inserted.
<inserted text>
                $
l.1767 ...\xaame longueur). \texttt{get\\_dimensions}
                                                   fournit les dimensions n\xc3...
I've inserted a begin-math/end-math symbol since I think
you left one out. Proceed, with fingers crossed.

! Extra }, or forgotten $.
\textdef@ ...th {#1}\let \f@size #2\selectfont #3}
                                                  }
l.1767 ...\xaame longueur). \texttt{get\\_dimensions}
                                                   fournit les dimensions n\xc3...
I've deleted a group-closing symbol because it seems to be
spurious, as in `$x}$'. But perhaps the } is legitimate and
you forgot something else, as in `\hbox{$x}'. In such cases
the way to recover is to insert both the forgotten and the
deleted material, e.g., by typing `I$}'.

! Extra }, or forgotten $.
\textdef@ ...h {#1}\let \f@size #2\selectfont #3}}

l.1767 ...\xaame longueur). \texttt{get\\_dimensions}
                                                   fournit les dimensions n\xc3...
I've deleted a group-closing symbol because it seems to be
spurious, as in `$x}$'. But perhaps the } is legitimate and
you forgot something else, as in `\hbox{$x}'. In such cases
the way to recover is to insert both the forgotten and the
deleted material, e.g., by typing `I$}'.

! Extra }, or forgotten $.
\text@ ...e {\textdef@ \displaystyle \f@size {#1}}
                                                  {\textdef@ \textstyle \f@s...
l.1767 ...\xaame longueur). \texttt{get\\_dimensions}
                                                   fournit les dimensions n\xc3...
I've deleted a group-closing symbol because it seems to be
spurious, as in `$x}$'. But perhaps the } is legitimate and
you forgot something else, as in `\hbox{$x}'. In such cases
the way to recover is to insert both the forgotten and the
deleted material, e.g., by typing `I$}'.

! Missing $ inserted.
<inserted text>
                $
l.1767 ...\xaame longueur). \texttt{get\\_dimensions}
                                                   fournit les dimensions n\xc3...
I've inserted a begin-math/end-math symbol since I think
you left one out. Proceed, with fingers crossed.

! Extra }, or forgotten $.
\textdef@ ...th {#1}\let \f@size #2\selectfont #3}
                                                  }
l.1767 ...\xaame longueur). \texttt{get\\_dimensions}
                                                   fournit les dimensions n\xc3...
I've deleted a group-closing symbol because it seems to be
spurious, as in `$x}$'. But perhaps the } is legitimate and
you forgot something else, as in `\hbox{$x}'. In such cases
the way to recover is to insert both the forgotten and the
deleted material, e.g., by typing `I$}'.

! Extra }, or forgotten $.
\textdef@ ...h {#1}\let \f@size #2\selectfont #3}}

l.1767 ...\xaame longueur). \texttt{get\\_dimensions}
                                                   fournit les dimensions n\xc3...
I've deleted a group-closing symbol because it seems to be
spurious, as in `$x}$'. But perhaps the } is legitimate and
you forgot something else, as in `\hbox{$x}'. In such cases
the way to recover is to insert both the forgotten and the
deleted material, e.g., by typing `I$}'.

! Extra }, or forgotten $.
\text@ ...xtstyle \f@size {\firstchoice@false #1}}
                                                  {\textdef@ \textstyle \sf@...
l.1767 ...\xaame longueur). \texttt{get\\_dimensions}
                                                   fournit les dimensions n\xc3...
I've deleted a group-closing symbol because it seems to be
spurious, as in `$x}$'. But perhaps the } is legitimate and
you forgot something else, as in `\hbox{$x}'. In such cases
the way to recover is to insert both the forgotten and the
deleted material, e.g., by typing `I$}'.

! Missing $ inserted.
<inserted text>
                $
l.1767 ...\xaame longueur). \texttt{get\\_dimensions}
                                                   fournit les dimensions n\xc3...
I've inserted a begin-math/end-math symbol since I think
you left one out. Proceed, with fingers crossed.

! Extra }, or forgotten $.
\textdef@ ...th {#1}\let \f@size #2\selectfont #3}
                                                  }
l.1767 ...\xaame longueur). \texttt{get\\_dimensions}
                                                   fournit les dimensions n\xc3...
I've deleted a group-closing symbol because it seems to be
spurious, as in `$x}$'. But perhaps the } is legitimate and
you forgot something else, as in `\hbox{$x}'. In such cases
the way to recover is to insert both the forgotten and the
deleted material, e.g., by typing `I$}'.

! Extra }, or forgotten $.
\textdef@ ...h {#1}\let \f@size #2\selectfont #3}}

l.1767 ...\xaame longueur). \texttt{get\\_dimensions}
                                                   fournit les dimensions n\xc3...
I've deleted a group-closing symbol because it seems to be
spurious, as in `$x}$'. But perhaps the } is legitimate and
you forgot something else, as in `\hbox{$x}'. In such cases
the way to recover is to insert both the forgotten and the
deleted material, e.g., by typing `I$}'.

! Extra }, or forgotten $.
\text@ ...tstyle \sf@size {\firstchoice@false #1}}
                                                  {\textdef@ \textstyle \ssf...
l.1767 ...\xaame longueur). \texttt{get\\_dimensions}
                                                   fournit les dimensions n\xc3...
I've deleted a group-closing symbol because it seems to be
spurious, as in `$x}$'. But perhaps the } is legitimate and
you forgot something else, as in `\hbox{$x}'. In such cases
the way to recover is to insert both the forgotten and the
deleted material, e.g., by typing `I$}'.

! Missing $ inserted.
<inserted text>
                $
l.1767 ...\xaame longueur). \texttt{get\\_dimensions}
                                                   fournit les dimensions n\xc3...
I've inserted a begin-math/end-math symbol since I think
you left one out. Proceed, with fingers crossed.

! Extra }, or forgotten $.
\textdef@ ...th {#1}\let \f@size #2\selectfont #3}
                                                  }
l.1767 ...\xaame longueur). \texttt{get\\_dimensions}
                                                   fournit les dimensions n\xc3...
I've deleted a group-closing symbol because it seems to be
spurious, as in `$x}$'. But perhaps the } is legitimate and
you forgot something else, as in `\hbox{$x}'. In such cases
the way to recover is to insert both the forgotten and the
deleted material, e.g., by typing `I$}'.

! Extra }, or forgotten $.
\textdef@ ...h {#1}\let \f@size #2\selectfont #3}}

l.1767 ...\xaame longueur). \texttt{get\\_dimensions}
                                                   fournit les dimensions n\xc3...
I've deleted a group-closing symbol because it seems to be
spurious, as in `$x}$'. But perhaps the } is legitimate and
you forgot something else, as in `\hbox{$x}'. In such cases
the way to recover is to insert both the forgotten and the
deleted material, e.g., by typing `I$}'.

! Extra }, or forgotten $.
\text@ ...style \ssf@size {\firstchoice@false #1}}
                                                  \check@mathfonts }
l.1767 ...\xaame longueur). \texttt{get\\_dimensions}
                                                   fournit les dimensions n\xc3...
I've deleted a group-closing symbol because it seems to be
spurious, as in `$x}$'. But perhaps the } is legitimate and
you forgot something else, as in `\hbox{$x}'. In such cases
the way to recover is to insert both the forgotten and the
deleted material, e.g., by typing `I$}'.

! Extra }, or forgotten $.
\text@ ...firstchoice@false #1}}\check@mathfonts }

l.1767 ...\xaame longueur). \texttt{get\\_dimensions}
                                                   fournit les dimensions n\xc3...
I've deleted a group-closing symbol because it seems to be
spurious, as in `$x}$'. But perhaps the } is legitimate and
you forgot something else, as in `\hbox{$x}'. In such cases
the way to recover is to insert both the forgotten and the
deleted material, e.g., by typing `I$}'.

! Missing $ inserted.
<inserted text>
                $
l.1769

I've inserted a begin-math/end-math symbol since I think
you left one out. Proceed, with fingers crossed.

Missing character: There is no \xe9 in font cmr5!
Missing character: There is no \xe9 in font cmr5!
Missing character: There is no \xe9 in font cmr5!
Missing character: There is no \xe9 in font cmr5!
Missing character: There is no \xe8 in font cmr5!
Missing character: There is no \xe9 in font cmr5!
Missing character: There is no \xe9 in font cmr5!
Missing character: There is no \xe8 in font cmr5!
Missing character: There is no \xe9 in font cmr5!
Missing character: There is no \xe9 in font cmr5!
Missing character: There is no \xe9 in font cmr5!
Missing character: There is no \xe9 in font cmr5!
! Missing } inserted.
<inserted text>
                }
l.1770 \subsubsection{Complexité Algorithmique}

I've inserted something that you may have forgotten.
(See the <inserted text> above.)
With luck, this will get me unwedged. But if you
really didn't forget anything, try typing `2' now; then
my insertion and my current dilemma will both disappear.

! Missing } inserted.
<inserted text>
                }
l.1770 \subsubsection{Complexité Algorithmique}

I've inserted something that you may have forgotten.
(See the <inserted text> above.)
With luck, this will get me unwedged. But if you
really didn't forget anything, try typing `2' now; then
my insertion and my current dilemma will both disappear.

! Missing $ inserted.
<inserted text>
                $
l.1770 \subsubsection{Complexité Algorithmique}

I've inserted a begin-math/end-math symbol since I think
you left one out. Proceed, with fingers crossed.

! Missing } inserted.
<inserted text>
                }
l.1770 \subsubsection{Complexité Algorithmique}

I've inserted something that you may have forgotten.
(See the <inserted text> above.)
With luck, this will get me unwedged. But if you
really didn't forget anything, try typing `2' now; then
my insertion and my current dilemma will both disappear.

! Missing } inserted.
<inserted text>
                }
l.1770 \subsubsection{Complexité Algorithmique}

I've inserted something that you may have forgotten.
(See the <inserted text> above.)
With luck, this will get me unwedged. But if you
really didn't forget anything, try typing `2' now; then
my insertion and my current dilemma will both disappear.

! Missing } inserted.
<inserted text>
                }
l.1770 \subsubsection{Complexité Algorithmique}

I've inserted something that you may have forgotten.
(See the <inserted text> above.)
With luck, this will get me unwedged. But if you
really didn't forget anything, try typing `2' now; then
my insertion and my current dilemma will both disappear.

! Missing $ inserted.
<inserted text>
                $
l.1770 \subsubsection{Complexité Algorithmique}

I've inserted a begin-math/end-math symbol since I think
you left one out. Proceed, with fingers crossed.

! Missing } inserted.
<inserted text>
                }
l.1770 \subsubsection{Complexité Algorithmique}

I've inserted something that you may have forgotten.
(See the <inserted text> above.)
With luck, this will get me unwedged. But if you
really didn't forget anything, try typing `2' now; then
my insertion and my current dilemma will both disappear.

! Missing } inserted.
<inserted text>
                }
l.1770 \subsubsection{Complexité Algorithmique}

I've inserted something that you may have forgotten.
(See the <inserted text> above.)
With luck, this will get me unwedged. But if you
really didn't forget anything, try typing `2' now; then
my insertion and my current dilemma will both disappear.

! Missing } inserted.
<inserted text>
                }
l.1770 \subsubsection{Complexité Algorithmique}

I've inserted something that you may have forgotten.
(See the <inserted text> above.)
With luck, this will get me unwedged. But if you
really didn't forget anything, try typing `2' now; then
my insertion and my current dilemma will both disappear.

! Missing $ inserted.
<inserted text>
                $
l.1770 \subsubsection{Complexité Algorithmique}

I've inserted a begin-math/end-math symbol since I think
you left one out. Proceed, with fingers crossed.

! Missing } inserted.
<inserted text>
                }
l.1770 \subsubsection{Complexité Algorithmique}

I've inserted something that you may have forgotten.
(See the <inserted text> above.)
With luck, this will get me unwedged. But if you
really didn't forget anything, try typing `2' now; then
my insertion and my current dilemma will both disappear.

! Missing } inserted.
<inserted text>
                }
l.1770 \subsubsection{Complexité Algorithmique}

I've inserted something that you may have forgotten.
(See the <inserted text> above.)
With luck, this will get me unwedged. But if you
really didn't forget anything, try typing `2' now; then
my insertion and my current dilemma will both disappear.

! Missing } inserted.
<inserted text>
                }
l.1770 \subsubsection{Complexité Algorithmique}

I've inserted something that you may have forgotten.
(See the <inserted text> above.)
With luck, this will get me unwedged. But if you
really didn't forget anything, try typing `2' now; then
my insertion and my current dilemma will both disappear.

! Missing $ inserted.
<inserted text>
                $
l.1770 \subsubsection{Complexité Algorithmique}

I've inserted a begin-math/end-math symbol since I think
you left one out. Proceed, with fingers crossed.

! Missing } inserted.
<inserted text>
                }
l.1770 \subsubsection{Complexité Algorithmique}

I've inserted something that you may have forgotten.
(See the <inserted text> above.)
With luck, this will get me unwedged. But if you
really didn't forget anything, try typing `2' now; then
my insertion and my current dilemma will both disappear.

! Missing { inserted.
<to be read again>
                   $
l.1770 \subsubsection{Complexité Algorithmique}

A left brace was mandatory here, so I've put one in.
You might want to delete and/or insert some corrections
so that I will find a matching right brace soon.
(If you're confused by all this, try typing `I}' now.)

! Missing } inserted.
<inserted text>
                }
l.1770 \subsubsection{Complexité Algorithmique}

I've inserted something that you may have forgotten.
(See the <inserted text> above.)
With luck, this will get me unwedged. But if you
really didn't forget anything, try typing `2' now; then
my insertion and my current dilemma will both disappear.

! Missing { inserted.
<to be read again>
                   $
l.1770 \subsubsection{Complexité Algorithmique}

A left brace was mandatory here, so I've put one in.
You might want to delete and/or insert some corrections
so that I will find a matching right brace soon.
(If you're confused by all this, try typing `I}' now.)

! Missing } inserted.
<inserted text>
                }
l.1770 \subsubsection{Complexité Algorithmique}

I've inserted something that you may have forgotten.
(See the <inserted text> above.)
With luck, this will get me unwedged. But if you
really didn't forget anything, try typing `2' now; then
my insertion and my current dilemma will both disappear.

! Missing { inserted.
<to be read again>
                   $
l.1770 \subsubsection{Complexité Algorithmique}

A left brace was mandatory here, so I've put one in.
You might want to delete and/or insert some corrections
so that I will find a matching right brace soon.
(If you're confused by all this, try typing `I}' now.)

! Missing } inserted.
<inserted text>
                }
l.1770 \subsubsection{Complexité Algorithmique}

I've inserted something that you may have forgotten.
(See the <inserted text> above.)
With luck, this will get me unwedged. But if you
really didn't forget anything, try typing `2' now; then
my insertion and my current dilemma will both disappear.

! Missing } inserted.
<inserted text>
                }
l.1770 \subsubsection{Complexité Algorithmique}

I've inserted something that you may have forgotten.
(See the <inserted text> above.)
With luck, this will get me unwedged. But if you
really didn't forget anything, try typing `2' now; then
my insertion and my current dilemma will both disappear.

Missing character: There is no \xea in font cmr5!
! Missing } inserted.
<inserted text>
                }
l.1770 \subsubsection{Complexité Algorithmique}

I've inserted something that you may have forgotten.
(See the <inserted text> above.)
With luck, this will get me unwedged. But if you
really didn't forget anything, try typing `2' now; then
my insertion and my current dilemma will both disappear.

! Missing } inserted.
<inserted text>
                }
l.1770 \subsubsection{Complexité Algorithmique}

I've inserted something that you may have forgotten.
(See the <inserted text> above.)
With luck, this will get me unwedged. But if you
really didn't forget anything, try typing `2' now; then
my insertion and my current dilemma will both disappear.

! Missing $ inserted.
<inserted text>
                $
l.1770 \subsubsection{Complexité Algorithmique}

I've inserted a begin-math/end-math symbol since I think
you left one out. Proceed, with fingers crossed.

! Missing } inserted.
<inserted text>
                }
l.1770 \subsubsection{Complexité Algorithmique}

I've inserted something that you may have forgotten.
(See the <inserted text> above.)
With luck, this will get me unwedged. But if you
really didn't forget anything, try typing `2' now; then
my insertion and my current dilemma will both disappear.

! Missing } inserted.
<inserted text>
                }
l.1770 \subsubsection{Complexité Algorithmique}

I've inserted something that you may have forgotten.
(See the <inserted text> above.)
With luck, this will get me unwedged. But if you
really didn't forget anything, try typing `2' now; then
my insertion and my current dilemma will both disappear.

! Missing } inserted.
<inserted text>
                }
l.1770 \subsubsection{Complexité Algorithmique}

I've inserted something that you may have forgotten.
(See the <inserted text> above.)
With luck, this will get me unwedged. But if you
really didn't forget anything, try typing `2' now; then
my insertion and my current dilemma will both disappear.

! Missing $ inserted.
<inserted text>
                $
l.1770 \subsubsection{Complexité Algorithmique}

I've inserted a begin-math/end-math symbol since I think
you left one out. Proceed, with fingers crossed.

! Missing } inserted.
<inserted text>
                }
l.1770 \subsubsection{Complexité Algorithmique}

I've inserted something that you may have forgotten.
(See the <inserted text> above.)
With luck, this will get me unwedged. But if you
really didn't forget anything, try typing `2' now; then
my insertion and my current dilemma will both disappear.

! Missing } inserted.
<inserted text>
                }
l.1770 \subsubsection{Complexité Algorithmique}

I've inserted something that you may have forgotten.
(See the <inserted text> above.)
With luck, this will get me unwedged. But if you
really didn't forget anything, try typing `2' now; then
my insertion and my current dilemma will both disappear.

! Missing } inserted.
<inserted text>
                }
l.1770 \subsubsection{Complexité Algorithmique}

I've inserted something that you may have forgotten.
(See the <inserted text> above.)
With luck, this will get me unwedged. But if you
really didn't forget anything, try typing `2' now; then
my insertion and my current dilemma will both disappear.

! Missing $ inserted.
<inserted text>
                $
l.1770 \subsubsection{Complexité Algorithmique}

I've inserted a begin-math/end-math symbol since I think
you left one out. Proceed, with fingers crossed.

! Missing } inserted.
<inserted text>
                }
l.1770 \subsubsection{Complexité Algorithmique}

I've inserted something that you may have forgotten.
(See the <inserted text> above.)
With luck, this will get me unwedged. But if you
really didn't forget anything, try typing `2' now; then
my insertion and my current dilemma will both disappear.

! Missing } inserted.
<inserted text>
                }
l.1770 \subsubsection{Complexité Algorithmique}

I've inserted something that you may have forgotten.
(See the <inserted text> above.)
With luck, this will get me unwedged. But if you
really didn't forget anything, try typing `2' now; then
my insertion and my current dilemma will both disappear.

! Missing } inserted.
<inserted text>
                }
l.1770 \subsubsection{Complexité Algorithmique}

I've inserted something that you may have forgotten.
(See the <inserted text> above.)
With luck, this will get me unwedged. But if you
really didn't forget anything, try typing `2' now; then
my insertion and my current dilemma will both disappear.

! Missing $ inserted.
<inserted text>
                $
l.1770 \subsubsection{Complexité Algorithmique}

I've inserted a begin-math/end-math symbol since I think
you left one out. Proceed, with fingers crossed.

! Missing } inserted.
<inserted text>
                }
l.1770 \subsubsection{Complexité Algorithmique}

I've inserted something that you may have forgotten.
(See the <inserted text> above.)
With luck, this will get me unwedged. But if you
really didn't forget anything, try typing `2' now; then
my insertion and my current dilemma will both disappear.

! Missing { inserted.
<to be read again>
                   $
l.1770 \subsubsection{Complexité Algorithmique}

A left brace was mandatory here, so I've put one in.
You might want to delete and/or insert some corrections
so that I will find a matching right brace soon.
(If you're confused by all this, try typing `I}' now.)

! Missing } inserted.
<inserted text>
                }
l.1770 \subsubsection{Complexité Algorithmique}

I've inserted something that you may have forgotten.
(See the <inserted text> above.)
With luck, this will get me unwedged. But if you
really didn't forget anything, try typing `2' now; then
my insertion and my current dilemma will both disappear.

! Missing { inserted.
<to be read again>
                   $
l.1770 \subsubsection{Complexité Algorithmique}

A left brace was mandatory here, so I've put one in.
You might want to delete and/or insert some corrections
so that I will find a matching right brace soon.
(If you're confused by all this, try typing `I}' now.)

! Missing } inserted.
<inserted text>
                }
l.1770 \subsubsection{Complexité Algorithmique}

I've inserted something that you may have forgotten.
(See the <inserted text> above.)
With luck, this will get me unwedged. But if you
really didn't forget anything, try typing `2' now; then
my insertion and my current dilemma will both disappear.

! Missing { inserted.
<to be read again>
                   $
l.1770 \subsubsection{Complexité Algorithmique}

A left brace was mandatory here, so I've put one in.
You might want to delete and/or insert some corrections
so that I will find a matching right brace soon.
(If you're confused by all this, try typing `I}' now.)

! Missing } inserted.
<inserted text>
                }
l.1770 \subsubsection{Complexité Algorithmique}

(That makes 100 errors; please try again.)
Here is how much of TeX's memory you used:
 15768 strings out of 476153
 305782 string characters out of 5794327
 1959975 words of memory out of 5000000
 37504 multiletter control sequences out of 15000+600000
 578933 words of font info for 89 fonts, out of 8000000 for 9000
 14 hyphenation exceptions out of 8191
 102i,43n,107p,1712b,855s stack positions out of 10000i,1000n,20000p,200000b,200000s

!  ==> Fatal error occurred, no output PDF file produced!
