\BOOKMARK [1][-]{section.1}{\376\377\000J\000a\000l\000o\000n\000\040\0001\0001\000\040\000:\000\040\000F\000o\000r\000m\000e\000s\000\040\000l\000i\000n\000\351\000a\000i\000r\000e\000s\000,\000\040\000h\000y\000p\000e\000r\000p\000l\000a\000n\000s\000,\000\040\000e\000s\000p\000a\000c\000e\000\040\000d\000u\000a\000l\000\040\000e\000t\000\040\000o\000r\000t\000h\000o\000g\000o\000n\000a\000l\000i\000t\000\351\000\040\000e\000n\000\040\000d\000i\000m\000e\000n\000s\000i\000o\000n\000\040\000f\000i\000n\000i\000e}{}% 1
\BOOKMARK [2][-]{subsection.1.1}{\376\377\0001\000.\000\040\000P\000r\000\351\000s\000e\000n\000t\000a\000t\000i\000o\000n\000\040\000d\000u\000\040\000c\000o\000n\000c\000e\000p\000t\000\040\000c\000l\000\351}{section.1}% 2
\BOOKMARK [2][-]{subsection.1.2}{\376\377\0002\000.\000\040\000F\000o\000r\000m\000a\000l\000i\000s\000a\000t\000i\000o\000n}{section.1}% 3
\BOOKMARK [3][-]{subsubsection.1.2.1}{\376\377\000A\000.\000\040\000A\000n\000a\000t\000o\000m\000i\000e\000\040\000e\000t\000\040\000T\000y\000p\000a\000g\000e\000\040\000C\000h\000i\000r\000u\000r\000g\000i\000c\000a\000l}{subsection.1.2}% 4
\BOOKMARK [3][-]{subsubsection.1.2.2}{\376\377\000B\000.\000\040\000T\000h\000\351\000o\000r\000\350\000m\000e\000s\000\040\000F\000o\000n\000d\000a\000m\000e\000n\000t\000a\000u\000x}{subsection.1.2}% 5
\BOOKMARK [2][-]{subsection.1.3}{\376\377\0003\000.\000\040\000D\000\351\000m\000o\000n\000s\000t\000r\000a\000t\000i\000o\000n\000s}{section.1}% 6
\BOOKMARK [2][-]{subsection.1.4}{\376\377\0004\000.\000\040\000E\000x\000e\000r\000c\000i\000c\000e\000s\000\040\000d\000'\000A\000p\000p\000l\000i\000c\000a\000t\000i\000o\000n}{section.1}% 7
\BOOKMARK [2][-]{subsection.1.5}{\376\377\0005\000.\000\040\000A\000p\000p\000l\000i\000c\000a\000t\000i\000o\000n\000\040\000e\000n\000\040\000I\000n\000t\000e\000l\000l\000i\000g\000e\000n\000c\000e\000\040\000A\000r\000t\000i\000f\000i\000c\000i\000e\000l\000l\000e}{section.1}% 8
\BOOKMARK [2][-]{subsection.1.6}{\376\377\0006\000.\000\040\000L\000i\000e\000n\000s\000\040\000S\000\351\000m\000a\000n\000t\000i\000q\000u\000e\000s}{section.1}% 9
\BOOKMARK [1][-]{section.2}{\376\377\000E\000x\000e\000r\000c\000i\000c\000e\000s\000\040\000d\000'\000A\000p\000p\000l\000i\000c\000a\000t\000i\000o\000n}{}% 10
\BOOKMARK [1][-]{section.3}{\376\377\000E\000x\000e\000r\000c\000i\000c\000e\000\040\0001\000:\000\040\000E\000s\000p\000a\000c\000e\000\040\000d\000u\000a\000l\000\040\000e\000n\000\040\000d\000i\000m\000e\000n\000s\000i\000o\000n\000\040\0002}{}% 11
\BOOKMARK [2][-]{subsection.3.1}{\376\377\000\311\000n\000o\000n\000c\000\351}{section.3}% 12
\BOOKMARK [2][-]{subsection.3.2}{\376\377\000C\000o\000r\000r\000e\000c\000t\000i\000o\000n\000\040\000d\000\351\000t\000a\000i\000l\000l\000\351\000e}{section.3}% 13
\BOOKMARK [2][-]{subsection.3.3}{\376\377\000C\000o\000r\000r\000e\000c\000t\000i\000o\000n\000\040\000d\000\351\000t\000a\000i\000l\000l\000\351\000e}{section.3}% 14
\BOOKMARK [2][-]{subsection.3.4}{\376\377\000C\000o\000r\000r\000e\000c\000t\000i\000o\000n\000\040\000d\000\351\000t\000a\000i\000l\000l\000\351\000e}{section.3}% 15
\BOOKMARK [2][-]{subsection.3.5}{\376\377\000C\000o\000r\000r\000e\000c\000t\000i\000o\000n\000\040\000d\000\351\000t\000a\000i\000l\000l\000\351\000e}{section.3}% 16
\BOOKMARK [2][-]{subsection.3.6}{\376\377\000C\000o\000r\000r\000e\000c\000t\000i\000o\000n\000\040\000d\000\351\000t\000a\000i\000l\000l\000\351\000e}{section.3}% 17
\BOOKMARK [2][-]{subsection.3.7}{\376\377\000C\000o\000r\000r\000e\000c\000t\000i\000o\000n\000\040\000d\000\351\000t\000a\000i\000l\000l\000\351\000e}{section.3}% 18
\BOOKMARK [2][-]{subsection.3.8}{\376\377\000C\000o\000r\000r\000e\000c\000t\000i\000o\000n\000\040\000d\000\351\000t\000a\000i\000l\000l\000\351\000e}{section.3}% 19
\BOOKMARK [2][-]{subsection.3.9}{\376\377\000C\000o\000r\000r\000e\000c\000t\000i\000o\000n\000\040\000d\000\351\000t\000a\000i\000l\000l\000\351\000e}{section.3}% 20
\BOOKMARK [2][-]{subsection.3.10}{\376\377\000C\000o\000r\000r\000e\000c\000t\000i\000o\000n\000\040\000d\000\351\000t\000a\000i\000l\000l\000\351\000e}{section.3}% 21
\BOOKMARK [2][-]{subsection.3.11}{\376\377\000C\000o\000r\000r\000e\000c\000t\000i\000o\000n\000\040\000d\000\351\000t\000a\000i\000l\000l\000\351\000e}{section.3}% 22
\BOOKMARK [1][-]{section.4}{\376\377\000T\000r\000a\000v\000a\000u\000x\000\040\000P\000r\000a\000t\000i\000q\000u\000e\000s\000\040\000e\000t\000\040\000S\000i\000m\000u\000l\000a\000t\000i\000o\000n\000s\000\040\000A\000l\000g\000o\000r\000i\000t\000h\000m\000i\000q\000u\000e\000s}{}% 23
\BOOKMARK [1][-]{section.5}{\376\377\000T\000P\000\040\0001\000:\000\040\000I\000m\000p\000l\000\351\000m\000e\000n\000t\000a\000t\000i\000o\000n\000\040\000p\000u\000r\000e\000\040\000P\000y\000t\000h\000o\000n\000\040\000d\000'\000u\000n\000e\000\040\000f\000o\000r\000m\000e\000\040\000l\000i\000n\000\351\000a\000i\000r\000e}{}% 24
\BOOKMARK [2][-]{subsection.5.1}{\376\377\000O\000b\000j\000e\000c\000t\000i\000f\000\040\000m\000a\000t\000h\000\351\000m\000a\000t\000i\000q\000u\000e}{section.5}% 25
\BOOKMARK [2][-]{subsection.5.2}{\376\377\000C\000o\000d\000e\000\040\000P\000y\000t\000h\000o\000n}{section.5}% 26
\BOOKMARK [2][-]{subsection.5.3}{\376\377\000V\000a\000l\000i\000d\000a\000t\000i\000o\000n\000\040\000R\000i\000g\000o\000u\000r\000e\000u\000s\000e}{section.5}% 27
\BOOKMARK [2][-]{subsection.5.4}{\376\377\000O\000b\000j\000e\000c\000t\000i\000f\000\040\000m\000a\000t\000h\000\351\000m\000a\000t\000i\000q\000u\000e}{section.5}% 28
\BOOKMARK [2][-]{subsection.5.5}{\376\377\000C\000o\000d\000e\000\040\000P\000y\000t\000h\000o\000n}{section.5}% 29
\BOOKMARK [2][-]{subsection.5.6}{\376\377\000V\000a\000l\000i\000d\000a\000t\000i\000o\000n\000\040\000R\000i\000g\000o\000u\000r\000e\000u\000s\000e}{section.5}% 30
\BOOKMARK [2][-]{subsection.5.7}{\376\377\000O\000b\000j\000e\000c\000t\000i\000f\000\040\000m\000a\000t\000h\000\351\000m\000a\000t\000i\000q\000u\000e}{section.5}% 31
\BOOKMARK [2][-]{subsection.5.8}{\376\377\000C\000o\000d\000e\000\040\000P\000y\000t\000h\000o\000n}{section.5}% 32
\BOOKMARK [2][-]{subsection.5.9}{\376\377\000V\000a\000l\000i\000d\000a\000t\000i\000o\000n\000\040\000R\000i\000g\000o\000u\000r\000e\000u\000s\000e}{section.5}% 33
\BOOKMARK [2][-]{subsection.5.10}{\376\377\000O\000b\000j\000e\000c\000t\000i\000f\000\040\000m\000a\000t\000h\000\351\000m\000a\000t\000i\000q\000u\000e}{section.5}% 34
\BOOKMARK [2][-]{subsection.5.11}{\376\377\000C\000o\000d\000e\000\040\000P\000y\000t\000h\000o\000n}{section.5}% 35
\BOOKMARK [2][-]{subsection.5.12}{\376\377\000V\000a\000l\000i\000d\000a\000t\000i\000o\000n\000\040\000R\000i\000g\000o\000u\000r\000e\000u\000s\000e}{section.5}% 36
\BOOKMARK [2][-]{subsection.5.13}{\376\377\000O\000b\000j\000e\000c\000t\000i\000f\000\040\000m\000a\000t\000h\000\351\000m\000a\000t\000i\000q\000u\000e}{section.5}% 37
\BOOKMARK [2][-]{subsection.5.14}{\376\377\000C\000o\000d\000e\000\040\000P\000y\000t\000h\000o\000n}{section.5}% 38
\BOOKMARK [2][-]{subsection.5.15}{\376\377\000V\000a\000l\000i\000d\000a\000t\000i\000o\000n\000\040\000R\000i\000g\000o\000u\000r\000e\000u\000s\000e}{section.5}% 39
